// Jest Snapshot v1, https://goo.gl/fbAQLP

exports[`AccordionSection should render correctly 1`] = `
<div
  className={null}
/>
`;
